[bot] [2025-07-01 03:04:36] 2025-07-01 03:04:36,067 - matplotlib.font_manager - INFO - generated new fontManager
[bot] [2025-07-01 03:04:36] 2025-07-01 03:04:36,451 - discord.client - WARNING - PyNaCl is not installed, voice will NOT be supported
[bot] [2025-07-01 03:04:36] 2025-07-01 03:04:36,455 - __main__ - INFO - üè• Health check server task created
[bot] [2025-07-01 03:04:36] 2025-07-01 03:04:36,455 - __main__ - INFO - üîÑ Initializing database connection...
[bot] [2025-07-01 03:04:36] 2025-07-01 03:04:36,456 - models.database_config - INFO - ‚úÖ Configured PostgreSQL database engine
[bot] [2025-07-01 03:04:36] 2025-07-01 03:04:36,514 - models.database_config - INFO - ‚úÖ Database connection successful
[bot] [2025-07-01 03:04:36] 2025-07-01 03:04:36,516 - models.database_config - INFO - üìä PostgreSQL Version: PostgreSQL 17.5 on x86_64-pc-linux-gnu, compiled b...
[bot] [2025-07-01 03:04:36] 2025-07-01 03:04:36,530 - models.database_config - INFO - ‚úÖ Database tables created/verified
[bot] [2025-07-01 03:04:36] 2025-07-01 03:04:36,539 - models.database_config - INFO - üìã Tables in database: blcs_player_mappings, blcs_player_statistics, player_profiles, scheduling_sessions
[bot] [2025-07-01 03:04:36] 2025-07-01 03:04:36,541 - __main__ - INFO - üîß Checking for database migrations...
[bot] [2025-07-01 03:04:36] 2025-07-01 03:04:36,561 - __main__ - INFO - ‚úÖ Database schema is up to date
[bot] [2025-07-01 03:04:36] 2025-07-01 03:04:36,563 - __main__ - INFO - ‚úÖ PostgreSQL database initialized successfully
[bot] [2025-07-01 03:04:36] 2025-07-01 03:04:36,563 - __main__ - INFO - üìä Connected to PostgreSQL: discord-bot-postgresql-do-user-16248210-0.m.db.ondigitalocean.com:25060
[bot] [2025-07-01 03:04:36] 2025-07-01 03:04:36,563 - __main__ - INFO - ‚úÖ BLCSX ballchasing integration initialized
[bot] [2025-07-01 03:04:36] 2025-07-01 03:04:36,563 - __main__ - INFO -    üéÆ BLCSX Stats commands available:
[bot] [2025-07-01 03:04:36] 2025-07-01 03:04:36,563 - __main__ - INFO -    /blcs_profile - Comprehensive player profiles
[bot] [2025-07-01 03:04:36] 2025-07-01 03:04:36,563 - __main__ - INFO -    /blcs_leaderboard - Dominance quotient rankings
[bot] [2025-07-01 03:04:36] 2025-07-01 03:04:36,563 - __main__ - INFO -    /blcs_link - Link ballchasing.com account
[bot] [2025-07-01 03:04:36] 2025-07-01 03:04:36,564 - __main__ - INFO -    /blcs_update - Update stats (admin only)
[bot] [2025-07-01 03:04:36] 2025-07-01 03:04:36,564 - __main__ - INFO - ‚úÖ Traditional ballchasing integration initialized
[bot] [2025-07-01 03:04:36] 2025-07-01 03:04:36,564 - __main__ - INFO - ‚úÖ DraftLotteryCog loaded successfully
[bot] [2025-07-01 03:04:36] 2025-07-01 03:04:36,565 - __main__ - INFO - ‚úÖ PlayerProfilesCog loaded successfully
[bot] [2025-07-01 03:04:36] 2025-07-01 03:04:36,566 - __main__ - INFO - ‚úÖ ProfileLinkingCog loaded successfully
[bot] [2025-07-01 03:04:36] 2025-07-01 03:04:36,566 - __main__ - INFO - ‚úÖ BLCSXProfilesCog loaded successfully
[bot] [2025-07-01 03:04:36] 2025-07-01 03:04:36,567 - __main__ - INFO - ‚úÖ EnhancedProfilesCog loaded successfully
[bot] [2025-07-01 03:04:36] 2025-07-01 03:04:36,683 - cogs.blcsx_stats - INFO - PostgreSQL database initialized for BLCS stats
[bot] [2025-07-01 03:04:36] 2025-07-01 03:04:36,683 - cogs.blcsx_stats - INFO - BLCSX Stats Cog initialized
[bot] [2025-07-01 03:04:36] 2025-07-01 03:04:36,684 - __main__ - INFO - ‚úÖ BLCSXStatsCog loaded successfully
[bot] [2025-07-01 03:04:36] 2025-07-01 03:04:36,684 - __main__ - INFO - üöÄ Starting Discord bot...
[bot] [2025-07-01 03:04:36] 2025-07-01 03:04:36,684 - discord.client - INFO - logging in using static token
[bot] [2025-07-01 03:04:36] 2025-07-01 03:04:36,696 - __main__ - INFO - ‚úÖ Health check server started on port 8080
[bot] [2025-07-01 03:04:36] 2025-07-01 03:04:36,968 - discord.gateway - INFO - Shard ID None has sent the IDENTIFY payload.
[bot] [2025-07-01 03:04:37] 2025-07-01 03:04:37,080 - discord.gateway - INFO - Shard ID None has connected to Gateway: ["gateway-prd-us-east1-b-7tw3",{"micros":88426,"calls":["id_created",{"micros":576,"calls":[]},"session_lookup_time",{"micros":1464,"calls":[]},"session_lookup_finished",{"micros":13,"calls":[]},"discord-sessions-prd-2-13",{"micros":85792,"calls":["start_session",{"micros":71382,"calls":["discord-api-rpc-78fbc5b697-rkbd2",{"micros":48652,"calls":["get_user",{"micros":5864},"get_guilds",{"micros":4421},"send_scheduled_deletion_message",{"micros":19},"guild_join_requests",{"micros":2},"authorized_ip_coro",{"micros":11},"pending_payments",{"micros":4441},"apex_experiments",{"micros":5},"user_activities",{"micros":2},"played_application_ids",{"micros":9}]}]},"starting_guild_connect",{"micros":23,"calls":[]},"presence_started",{"micros":5411,"calls":[]},"guilds_started",{"micros":103,"calls":[]},"lobbies_started",{"micros":1,"calls":[]},"guilds_connect",{"micros":2,"calls":[]},"presence_connect",{"micros":8835,"calls":[]},"connect_finished",{"micros":8839,"calls":[]},"build_ready",{"micros":23,"calls":[]},"clean_ready",{"micros":1,"calls":[]},"optimize_ready",{"micros":0,"calls":[]},"split_ready",{"micros":1,"calls":[]}]}]}] (Session ID: 1bd60d8a326cc929519d79949d401c89).
[bot] [2025-07-01 03:04:39] 2025-07-01 03:04:39,101 - __main__ - INFO - ‚úÖ BLCS Bot#6695 has connected to Discord!
[bot] [2025-07-01 03:04:39] 2025-07-01 03:04:39,101 - __main__ - INFO - üìä Connected to 2 servers
[bot] [2025-07-01 03:04:39] 2025-07-01 03:04:39,101 - __main__ - INFO - ‚úÖ Slash commands auto-synced by py-cord
[bot] [2025-07-01 03:56:25] 2025-07-01 03:56:25,789 - models.player_profile - ERROR - Error getting player profile 298162654592237579: (psycopg2.errors.UndefinedColumn) column player_profiles.avg_speed does not exist
[bot] [2025-07-01 03:56:25] LINE 1: ...files.demos_taken AS player_profiles_demos_taken, player_pro...
[bot] [2025-07-01 03:56:25]                                                              ^
[bot] [2025-07-01 03:56:25] 
[bot] [2025-07-01 03:56:25] [SQL: SELECT player_profiles.id AS player_profiles_id, player_profiles.discord_id AS player_profiles_discord_id, player_profiles.discord_username AS player_profiles_discord_username, player_profiles.rl_name AS player_profiles_rl_name, player_profiles.steam_id AS player_profiles_steam_id, player_profiles.epic_id AS player_profiles_epic_id, player_profiles.ballchasing_player_id AS player_profiles_ballchasing_player_id, player_profiles.ballchasing_platform AS player_profiles_ballchasing_platform, player_profiles.custom_title AS player_profiles_custom_title, player_profiles.favorite_car AS player_profiles_favorite_car, player_profiles.rank_name AS player_profiles_rank_name, player_profiles.rank_division AS player_profiles_rank_division, player_profiles.mmr AS player_profiles_mmr, player_profiles.age AS player_profiles_age, player_profiles.total_goals AS player_profiles_total_goals, player_profiles.total_saves AS player_profiles_total_saves, player_profiles.total_shots AS player_profiles_total_shots, player_profiles.total_score AS player_profiles_total_score, player_profiles.total_assists AS player_profiles_total_assists, player_profiles.games_played AS player_profiles_games_played, player_profiles.wins AS player_profiles_wins, player_profiles.losses AS player_profiles_losses, player_profiles.goal_percentage AS player_profiles_goal_percentage, player_profiles.save_percentage AS player_profiles_save_percentage, player_profiles.win_percentage AS player_profiles_win_percentage, player_profiles.mvp_count AS player_profiles_mvp_count, player_profiles.demos_inflicted AS player_profiles_demos_inflicted, player_profiles.demos_taken AS player_profiles_demos_taken, player_profiles.avg_speed AS player_profiles_avg_speed, player_profiles.dominance_quotient AS player_profiles_dominance_quotient, player_profiles.percentile_rank AS player_profiles_percentile_rank, player_profiles.season_goals AS player_profiles_season_goals, player_profiles.season_saves AS player_profiles_season_saves, player_profiles.season_wins AS player_profiles_season_wins, player_profiles.season_games AS player_profiles_season_games, player_profiles.current_season AS player_profiles_current_season, player_profiles.created_at AS player_profiles_created_at, player_profiles.last_updated AS player_profiles_last_updated, player_profiles.last_game_date AS player_profiles_last_game_date, player_profiles.last_sync_date AS player_profiles_last_sync_date, player_profiles.is_active AS player_profiles_is_active, player_profiles.is_public AS player_profiles_is_public, player_profiles.extra_data AS player_profiles_extra_data 
[bot] [2025-07-01 03:56:25] FROM player_profiles 
[bot] [2025-07-01 03:56:25] WHERE player_profiles.discord_id = %(discord_id_1)s AND player_profiles.is_active = true 
[bot] [2025-07-01 03:56:25]  LIMIT %(param_1)s]
[bot] [2025-07-01 03:56:25] [parameters: {'discord_id_1': 298162654592237579, 'param_1': 1}]
[bot] [2025-07-01 03:56:25] (Background on this error at: https://sqlalche.me/e/20/f405)
[bot] [2025-07-01 03:56:31] 2025-07-01 03:56:31,230 - models.player_profile - ERROR - Error creating/updating profile 298162654592237579: (psycopg2.errors.UndefinedColumn) column player_profiles.avg_speed does not exist
[bot] [2025-07-01 03:56:31] LINE 1: ...files.demos_taken AS player_profiles_demos_taken, player_pro...
[bot] [2025-07-01 03:56:31]                                                              ^
[bot] [2025-07-01 03:56:31] 
[bot] [2025-07-01 03:56:31] [SQL: SELECT player_profiles.id AS player_profiles_id, player_profiles.discord_id AS player_profiles_discord_id, player_profiles.discord_username AS player_profiles_discord_username, player_profiles.rl_name AS player_profiles_rl_name, player_profiles.steam_id AS player_profiles_steam_id, player_profiles.epic_id AS player_profiles_epic_id, player_profiles.ballchasing_player_id AS player_profiles_ballchasing_player_id, player_profiles.ballchasing_platform AS player_profiles_ballchasing_platform, player_profiles.custom_title AS player_profiles_custom_title, player_profiles.favorite_car AS player_profiles_favorite_car, player_profiles.rank_name AS player_profiles_rank_name, player_profiles.rank_division AS player_profiles_rank_division, player_profiles.mmr AS player_profiles_mmr, player_profiles.age AS player_profiles_age, player_profiles.total_goals AS player_profiles_total_goals, player_profiles.total_saves AS player_profiles_total_saves, player_profiles.total_shots AS player_profiles_total_shots, player_profiles.total_score AS player_profiles_total_score, player_profiles.total_assists AS player_profiles_total_assists, player_profiles.games_played AS player_profiles_games_played, player_profiles.wins AS player_profiles_wins, player_profiles.losses AS player_profiles_losses, player_profiles.goal_percentage AS player_profiles_goal_percentage, player_profiles.save_percentage AS player_profiles_save_percentage, player_profiles.win_percentage AS player_profiles_win_percentage, player_profiles.mvp_count AS player_profiles_mvp_count, player_profiles.demos_inflicted AS player_profiles_demos_inflicted, player_profiles.demos_taken AS player_profiles_demos_taken, player_profiles.avg_speed AS player_profiles_avg_speed, player_profiles.dominance_quotient AS player_profiles_dominance_quotient, player_profiles.percentile_rank AS player_profiles_percentile_rank, player_profiles.season_goals AS player_profiles_season_goals, player_profiles.season_saves AS player_profiles_season_saves, player_profiles.season_wins AS player_profiles_season_wins, player_profiles.season_games AS player_profiles_season_games, player_profiles.current_season AS player_profiles_current_season, player_profiles.created_at AS player_profiles_created_at, player_profiles.last_updated AS player_profiles_last_updated, player_profiles.last_game_date AS player_profiles_last_game_date, player_profiles.last_sync_date AS player_profiles_last_sync_date, player_profiles.is_active AS player_profiles_is_active, player_profiles.is_public AS player_profiles_is_public, player_profiles.extra_data AS player_profiles_extra_data 
[bot] [2025-07-01 03:56:31] FROM player_profiles 
[bot] [2025-07-01 03:56:31] WHERE player_profiles.discord_id = %(discord_id_1)s 
[bot] [2025-07-01 03:56:31]  LIMIT %(param_1)s]
[bot] [2025-07-01 03:56:31] [parameters: {'discord_id_1': 298162654592237579, 'param_1': 1}]
[bot] [2025-07-01 03:56:31] (Background on this error at: https://sqlalche.me/e/20/f405)
[bot] [2025-07-01 03:56:31] Ignoring exception in command setup_profile:
[bot] [2025-07-01 03:56:31] Traceback (most recent call last):
[bot] [2025-07-01 03:56:31]   File "/usr/local/lib/python3.12/site-packages/sqlalchemy/engine/base.py", line 1963, in _exec_single_context
[bot] [2025-07-01 03:56:31]     self.dialect.do_execute(
[bot] [2025-07-01 03:56:31]   File "/usr/local/lib/python3.12/site-packages/sqlalchemy/engine/default.py", line 943, in do_execute
[bot] [2025-07-01 03:56:31]     cursor.execute(statement, parameters)
[bot] [2025-07-01 03:56:31] psycopg2.errors.UndefinedColumn: column player_profiles.avg_speed does not exist
[bot] [2025-07-01 03:56:31] LINE 1: ...files.demos_taken AS player_profiles_demos_taken, player_pro...
[bot] [2025-07-01 03:56:31]                                                              ^
[bot] [2025-07-01 03:56:31] 
[bot] [2025-07-01 03:56:31] 
[bot] [2025-07-01 03:56:31] The above exception was the direct cause of the following exception:
[bot] [2025-07-01 03:56:31] 
[bot] [2025-07-01 03:56:31] Traceback (most recent call last):
[bot] [2025-07-01 03:56:31]   File "/app/cogs/player_profiles.py", line 236, in setup_profile
[bot] [2025-07-01 03:56:31]     profile = create_or_update_profile(ctx.author.id, **profile_data)
[bot] [2025-07-01 03:56:31]               ^^^^^^^^^^^^^^^^^^^^^^^^^^^^^^^^^^^^^^^^^^^^^^^^^^^^^^^
[bot] [2025-07-01 03:56:31]   File "/app/models/player_profile.py", line 174, in create_or_update_profile
[bot] [2025-07-01 03:56:31]     raise e
[bot] [2025-07-01 03:56:31]   File "/app/models/player_profile.py", line 147, in create_or_update_profile
[bot] [2025-07-01 03:56:31]     ).first()
[bot] [2025-07-01 03:56:31]       ^^^^^^^
[bot] [2025-07-01 03:56:31]   File "/usr/local/lib/python3.12/site-packages/sqlalchemy/orm/query.py", line 2759, in first
[bot] [2025-07-01 03:56:31]     return self.limit(1)._iter().first()  # type: ignore
[bot] [2025-07-01 03:56:31]            ^^^^^^^^^^^^^^^^^^^^^
[bot] [2025-07-01 03:56:31]   File "/usr/local/lib/python3.12/site-packages/sqlalchemy/orm/query.py", line 2857, in _iter
[bot] [2025-07-01 03:56:31]     result: Union[ScalarResult[_T], Result[_T]] = self.session.execute(
[bot] [2025-07-01 03:56:31]                                                   ^^^^^^^^^^^^^^^^^^^^^
[bot] [2025-07-01 03:56:31]   File "/usr/local/lib/python3.12/site-packages/sqlalchemy/orm/session.py", line 2365, in execute
[bot] [2025-07-01 03:56:31]     return self._execute_internal(
[bot] [2025-07-01 03:56:31]            ^^^^^^^^^^^^^^^^^^^^^^^
[bot] [2025-07-01 03:56:31]   File "/usr/local/lib/python3.12/site-packages/sqlalchemy/orm/session.py", line 2251, in _execute_internal
[bot] [2025-07-01 03:56:31]     result: Result[Any] = compile_state_cls.orm_execute_statement(
[bot] [2025-07-01 03:56:31]                           ^^^^^^^^^^^^^^^^^^^^^^^^^^^^^^^^^^^^^^^^
[bot] [2025-07-01 03:56:31]   File "/usr/local/lib/python3.12/site-packages/sqlalchemy/orm/context.py", line 306, in orm_execute_statement
[bot] [2025-07-01 03:56:31]     result = conn.execute(
[bot] [2025-07-01 03:56:31]              ^^^^^^^^^^^^^
[bot] [2025-07-01 03:56:31]   File "/usr/local/lib/python3.12/site-packages/sqlalchemy/engine/base.py", line 1415, in execute
[bot] [2025-07-01 03:56:31]     return meth(
[bot] [2025-07-01 03:56:31]            ^^^^^
[bot] [2025-07-01 03:56:31]   File "/usr/local/lib/python3.12/site-packages/sqlalchemy/sql/elements.py", line 523, in _execute_on_connection
[bot] [2025-07-01 03:56:31]     return connection._execute_clauseelement(
[bot] [2025-07-01 03:56:31]            ^^^^^^^^^^^^^^^^^^^^^^^^^^^^^^^^^^
[bot] [2025-07-01 03:56:31]   File "/usr/local/lib/python3.12/site-packages/sqlalchemy/engine/base.py", line 1637, in _execute_clauseelement
[bot] [2025-07-01 03:56:31]     ret = self._execute_context(
[bot] [2025-07-01 03:56:31]           ^^^^^^^^^^^^^^^^^^^^^^
[bot] [2025-07-01 03:56:31]   File "/usr/local/lib/python3.12/site-packages/sqlalchemy/engine/base.py", line 1842, in _execute_context
[bot] [2025-07-01 03:56:31]     return self._exec_single_context(
[bot] [2025-07-01 03:56:31]            ^^^^^^^^^^^^^^^^^^^^^^^^^^
[bot] [2025-07-01 03:56:31]   File "/usr/local/lib/python3.12/site-packages/sqlalchemy/engine/base.py", line 1982, in _exec_single_context
[bot] [2025-07-01 03:56:31]     self._handle_dbapi_exception(
[bot] [2025-07-01 03:56:31]   File "/usr/local/lib/python3.12/site-packages/sqlalchemy/engine/base.py", line 2351, in _handle_dbapi_exception
[bot] [2025-07-01 03:56:31]     raise sqlalchemy_exception.with_traceback(exc_info[2]) from e
[bot] [2025-07-01 03:56:31]   File "/usr/local/lib/python3.12/site-packages/sqlalchemy/engine/base.py", line 1963, in _exec_single_context
[bot] [2025-07-01 03:56:31]     self.dialect.do_execute(
[bot] [2025-07-01 03:56:31]   File "/usr/local/lib/python3.12/site-packages/sqlalchemy/engine/default.py", line 943, in do_execute
[bot] [2025-07-01 03:56:31]     cursor.execute(statement, parameters)
[bot] [2025-07-01 03:56:31] sqlalchemy.exc.ProgrammingError: (psycopg2.errors.UndefinedColumn) column player_profiles.avg_speed does not exist
[bot] [2025-07-01 03:56:31] LINE 1: ...files.demos_taken AS player_profiles_demos_taken, player_pro...
[bot] [2025-07-01 03:56:31]                                                              ^
[bot] [2025-07-01 03:56:31] 
[bot] [2025-07-01 03:56:31] [SQL: SELECT player_profiles.id AS player_profiles_id, player_profiles.discord_id AS player_profiles_discord_id, player_profiles.discord_username AS player_profiles_discord_username, player_profiles.rl_name AS player_profiles_rl_name, player_profiles.steam_id AS player_profiles_steam_id, player_profiles.epic_id AS player_profiles_epic_id, player_profiles.ballchasing_player_id AS player_profiles_ballchasing_player_id, player_profiles.ballchasing_platform AS player_profiles_ballchasing_platform, player_profiles.custom_title AS player_profiles_custom_title, player_profiles.favorite_car AS player_profiles_favorite_car, player_profiles.rank_name AS player_profiles_rank_name, player_profiles.rank_division AS player_profiles_rank_division, player_profiles.mmr AS player_profiles_mmr, player_profiles.age AS player_profiles_age, player_profiles.total_goals AS player_profiles_total_goals, player_profiles.total_saves AS player_profiles_total_saves, player_profiles.total_shots AS player_profiles_total_shots, player_profiles.total_score AS player_profiles_total_score, player_profiles.total_assists AS player_profiles_total_assists, player_profiles.games_played AS player_profiles_games_played, player_profiles.wins AS player_profiles_wins, player_profiles.losses AS player_profiles_losses, player_profiles.goal_percentage AS player_profiles_goal_percentage, player_profiles.save_percentage AS player_profiles_save_percentage, player_profiles.win_percentage AS player_profiles_win_percentage, player_profiles.mvp_count AS player_profiles_mvp_count, player_profiles.demos_inflicted AS player_profiles_demos_inflicted, player_profiles.demos_taken AS player_profiles_demos_taken, player_profiles.avg_speed AS player_profiles_avg_speed, player_profiles.dominance_quotient AS player_profiles_dominance_quotient, player_profiles.percentile_rank AS player_profiles_percentile_rank, player_profiles.season_goals AS player_profiles_season_goals, player_profiles.season_saves AS player_profiles_season_saves, player_profiles.season_wins AS player_profiles_season_wins, player_profiles.season_games AS player_profiles_season_games, player_profiles.current_season AS player_profiles_current_season, player_profiles.created_at AS player_profiles_created_at, player_profiles.last_updated AS player_profiles_last_updated, player_profiles.last_game_date AS player_profiles_last_game_date, player_profiles.last_sync_date AS player_profiles_last_sync_date, player_profiles.is_active AS player_profiles_is_active, player_profiles.is_public AS player_profiles_is_public, player_profiles.extra_data AS player_profiles_extra_data 
[bot] [2025-07-01 03:56:31] FROM player_profiles 
[bot] [2025-07-01 03:56:31] WHERE player_profiles.discord_id = %(discord_id_1)s 
[bot] [2025-07-01 03:56:31]  LIMIT %(param_1)s]
[bot] [2025-07-01 03:56:31] [parameters: {'discord_id_1': 298162654592237579, 'param_1': 1}]
[bot] [2025-07-01 03:56:31] (Background on this error at: https://sqlalche.me/e/20/f405)
[bot] [2025-07-01 03:56:31] 
[bot] [2025-07-01 03:56:31] During handling of the above exception, another exception occurred:
[bot] [2025-07-01 03:56:31] 
[bot] [2025-07-01 03:56:31] Traceback (most recent call last):
[bot] [2025-07-01 03:56:31]   File "/usr/local/lib/python3.12/site-packages/discord/commands/core.py", line 138, in wrapped
[bot] [2025-07-01 03:56:31]     ret = await coro(arg)
[bot] [2025-07-01 03:56:31]           ^^^^^^^^^^^^^^^
[bot] [2025-07-01 03:56:31]   File "/usr/local/lib/python3.12/site-packages/discord/commands/core.py", line 1078, in _invoke
[bot] [2025-07-01 03:56:31]     await self.callback(self.cog, ctx, **kwargs)
[bot] [2025-07-01 03:56:31]   File "/app/cogs/player_profiles.py", line 260, in setup_profile
[bot] [2025-07-01 03:56:31]     await ctx.respond(f"‚ùå Error setting up profile: {str(e)}", ephemeral=True)
[bot] [2025-07-01 03:56:31]   File "/usr/local/lib/python3.12/site-packages/discord/interactions.py", line 620, in respond
[bot] [2025-07-01 03:56:31]     return await self.response.send_message(*args, **kwargs)
[bot] [2025-07-01 03:56:31]            ^^^^^^^^^^^^^^^^^^^^^^^^^^^^^^^^^^^^^^^^^^^^^^^^^
[bot] [2025-07-01 03:56:31]   File "/usr/local/lib/python3.12/site-packages/discord/interactions.py", line 961, in send_message
[bot] [2025-07-01 03:56:31]     await self._locked_response(
[bot] [2025-07-01 03:56:31]   File "/usr/local/lib/python3.12/site-packages/discord/interactions.py", line 1292, in _locked_response
[bot] [2025-07-01 03:56:31]     await coro
[bot] [2025-07-01 03:56:31]   File "/usr/local/lib/python3.12/site-packages/discord/webhook/async_.py", line 224, in request
[bot] [2025-07-01 03:56:31]     raise HTTPException(response, data)
[bot] [2025-07-01 03:56:31] discord.errors.HTTPException: 400 Bad Request (error code: 50035): Invalid Form Body
[bot] [2025-07-01 03:56:31] In data.content: Must be 2000 or fewer in length.
[bot] [2025-07-01 03:56:31] 
[bot] [2025-07-01 03:56:31] The above exception was the direct cause of the following exception:
[bot] [2025-07-01 03:56:31] 
[bot] [2025-07-01 03:56:31] Traceback (most recent call last):
[bot] [2025-07-01 03:56:31]   File "/usr/local/lib/python3.12/site-packages/discord/bot.py", line 1137, in invoke_application_command
[bot] [2025-07-01 03:56:31]     await ctx.command.invoke(ctx)
[bot] [2025-07-01 03:56:31]   File "/usr/local/lib/python3.12/site-packages/discord/commands/core.py", line 435, in invoke
[bot] [2025-07-01 03:56:31]     await injected(ctx)
[bot] [2025-07-01 03:56:31]   File "/usr/local/lib/python3.12/site-packages/discord/commands/core.py", line 146, in wrapped
[bot] [2025-07-01 03:56:31]     raise ApplicationCommandInvokeError(exc) from exc
[bot] [2025-07-01 03:56:31] discord.errors.ApplicationCommandInvokeError: Application Command raised an exception: HTTPException: 400 Bad Request (error code: 50035): Invalid Form Body
[bot] [2025-07-01 03:56:31] In data.content: Must be 2000 or fewer in length.